2026-05-08 20:01:48,539 [INFO] ======================================================================
2026-05-08 20:01:48,539 [INFO] Evaluating version: v1
2026-05-08 20:01:48,539 [INFO]   test_csv:        splits_eval/v1_balanced_test.csv
2026-05-08 20:01:48,539 [INFO]   gate_model:      models/v1_mnv3_small_gate.pt
2026-05-08 20:01:48,539 [INFO]   gate_calibrator: models/v1_mnv3_small_calibrator.pkl
2026-05-08 20:01:48,539 [INFO]   patchcore_model: models/v1_patchcore_r18_patchcore.pt
2026-05-08 20:01:48,541 [INFO]   class distribution: anomaly=200  normal=200
2026-05-08 20:01:48,541 [INFO]   loaded 400 samples
2026-05-08 20:01:48,589 [INFO] Gate model loaded from models/v1_mnv3_small_gate.pt (backbone=mobilenet_v3_small)
2026-05-08 20:01:48,590 [INFO]   attached external calibrator from models/v1_mnv3_small_calibrator.pkl (IsotonicCalibrator)
/Users/danghyeonsong/HYUE/SWCapstone/.venv/lib/python3.12/site-packages/torch/_weights_only_unpickler.py:590: UserWarning: Detected pickle protocol 5 in the checkpoint, which was not the default pickle protocol used by `torch.load` (2). The weights_only Unpickler might not support all instructions implemented by this protocol, please file an issue for adding support if you encounter this.
  return Unpickler(file, encoding=encoding).load()
2026-05-08 20:01:48,591 [WARNING] torch.load failed, trying pickle: Weights only load failed. In PyTorch 2.6, we changed the default value of the `weights_only` argument in `torch.load` from `False` to `True`. Re-running `torch.load` with `weights_only` set to `False` will likely succeed, but it can result in arbitrary code execution. Do it only if you got the file from a trusted source.
Please file an issue with the following so that we can make `weights_only=True` compatible with your use case: WeightsUnpickler error: 

Unsupported operand 149

Check the documentation of torch.load to learn more about types accepted by default with weights_only https://pytorch.org/docs/stable/generated/torch.load.html.
2026-05-08 20:01:48,733 [INFO] PatchCoreModel initialised: backbone=resnet18, device=cpu, coreset_ratio=0.10, k=9
2026-05-08 20:01:48,741 [INFO] Model loaded from models/v1_patchcore_r18_patchcore.pt (coreset=32564, k=9)
2026-05-08 20:01:48,741 [INFO]   run 1/3
2026-05-08 20:02:31,688 [INFO]   run 2/3
2026-05-08 20:03:15,417 [INFO]   run 3/3
2026-05-08 20:03:58,894 [INFO] ======================================================================
2026-05-08 20:03:58,894 [INFO] Evaluating version: v2
2026-05-08 20:03:58,894 [INFO]   test_csv:        splits_eval/v2_balanced_test.csv
2026-05-08 20:03:58,894 [INFO]   gate_model:      models/v2_mnv3_small_gate.pt
2026-05-08 20:03:58,894 [INFO]   gate_calibrator: models/v2_mnv3_small_calibrator.pkl
2026-05-08 20:03:58,894 [INFO]   patchcore_model: models/v2_patchcore_r18_patchcore.pt
2026-05-08 20:03:58,896 [INFO]   class distribution: anomaly=200  normal=200
2026-05-08 20:03:58,896 [INFO]   loaded 400 samples
2026-05-08 20:03:58,942 [INFO] Gate model loaded from models/v2_mnv3_small_gate.pt (backbone=mobilenet_v3_small)
2026-05-08 20:03:58,943 [INFO]   attached external calibrator from models/v2_mnv3_small_calibrator.pkl (IsotonicCalibrator)
/Users/danghyeonsong/HYUE/SWCapstone/.venv/lib/python3.12/site-packages/torch/_weights_only_unpickler.py:590: UserWarning: Detected pickle protocol 5 in the checkpoint, which was not the default pickle protocol used by `torch.load` (2). The weights_only Unpickler might not support all instructions implemented by this protocol, please file an issue for adding support if you encounter this.
  return Unpickler(file, encoding=encoding).load()
2026-05-08 20:03:58,943 [WARNING] torch.load failed, trying pickle: Weights only load failed. In PyTorch 2.6, we changed the default value of the `weights_only` argument in `torch.load` from `False` to `True`. Re-running `torch.load` with `weights_only` set to `False` will likely succeed, but it can result in arbitrary code execution. Do it only if you got the file from a trusted source.
Please file an issue with the following so that we can make `weights_only=True` compatible with your use case: WeightsUnpickler error: 

Unsupported operand 149

Check the documentation of torch.load to learn more about types accepted by default with weights_only https://pytorch.org/docs/stable/generated/torch.load.html.
2026-05-08 20:03:59,137 [INFO] PatchCoreModel initialised: backbone=resnet18, device=cpu, coreset_ratio=0.10, k=9
2026-05-08 20:03:59,148 [INFO] Model loaded from models/v2_patchcore_r18_patchcore.pt (coreset=40706, k=9)
2026-05-08 20:03:59,148 [INFO]   run 1/3
2026-05-08 20:04:48,612 [INFO]   run 2/3
2026-05-08 20:05:38,522 [INFO]   run 3/3
2026-05-08 20:06:27,220 [INFO] ======================================================================
2026-05-08 20:06:27,221 [INFO] Evaluating version: v3
2026-05-08 20:06:27,221 [INFO]   test_csv:        splits_eval/v3_balanced_test.csv
2026-05-08 20:06:27,221 [INFO]   gate_model:      models/v3_mnv3_small_gate.pt
2026-05-08 20:06:27,221 [INFO]   gate_calibrator: models/v3_mnv3_small_calibrator.pkl
2026-05-08 20:06:27,221 [INFO]   patchcore_model: models/v3_patchcore_r18_patchcore.pt
2026-05-08 20:06:27,223 [INFO]   class distribution: anomaly=200  normal=200
2026-05-08 20:06:27,223 [INFO]   loaded 400 samples
2026-05-08 20:06:27,257 [INFO] Gate model loaded from models/v3_mnv3_small_gate.pt (backbone=mobilenet_v3_small)
2026-05-08 20:06:27,258 [INFO]   attached external calibrator from models/v3_mnv3_small_calibrator.pkl (IsotonicCalibrator)
/Users/danghyeonsong/HYUE/SWCapstone/.venv/lib/python3.12/site-packages/torch/_weights_only_unpickler.py:590: UserWarning: Detected pickle protocol 5 in the checkpoint, which was not the default pickle protocol used by `torch.load` (2). The weights_only Unpickler might not support all instructions implemented by this protocol, please file an issue for adding support if you encounter this.
  return Unpickler(file, encoding=encoding).load()
2026-05-08 20:06:27,259 [WARNING] torch.load failed, trying pickle: Weights only load failed. In PyTorch 2.6, we changed the default value of the `weights_only` argument in `torch.load` from `False` to `True`. Re-running `torch.load` with `weights_only` set to `False` will likely succeed, but it can result in arbitrary code execution. Do it only if you got the file from a trusted source.
Please file an issue with the following so that we can make `weights_only=True` compatible with your use case: WeightsUnpickler error: 

Unsupported operand 149

Check the documentation of torch.load to learn more about types accepted by default with weights_only https://pytorch.org/docs/stable/generated/torch.load.html.
2026-05-08 20:06:27,427 [INFO] PatchCoreModel initialised: backbone=resnet18, device=cpu, coreset_ratio=0.10, k=9
2026-05-08 20:06:27,438 [INFO] Model loaded from models/v3_patchcore_r18_patchcore.pt (coreset=48848, k=9)
2026-05-08 20:06:27,438 [INFO]   run 1/3
2026-05-08 20:07:20,870 [INFO]   run 2/3
2026-05-08 20:08:13,759 [INFO]   run 3/3
2026-05-08 20:09:07,742 [INFO] JSON results written to reports/benchmark_v1v2v3_balanced_mnv3small.json
2026-05-08 20:09:07,743 [INFO] Markdown report written to reports/benchmark_v1v2v3_balanced_mnv3small.md

======================================================================
SUMMARY
======================================================================
[v1    ] baseline        acc=0.7750±0.0000  f1=0.7955±0.0000  lat=71.34±17.34 ms
[v1    ] gate_cascade    acc=0.9975±0.0000  f1=0.9975±0.0000  lat=33.02±7.98 ms
[v2    ] baseline        acc=0.7600±0.0000  f1=0.7714±0.0000  lat=82.61±18.31 ms
[v2    ] gate_cascade    acc=1.0000±0.0000  f1=1.0000±0.0000  lat=36.63±17.03 ms
[v3    ] baseline        acc=0.6525±0.0000  f1=0.7157±0.0000  lat=95.08±20.84 ms
[v3    ] gate_cascade    acc=1.0000±0.0000  f1=1.0000±0.0000  lat=34.39±12.00 ms
