/Users/danghyeonsong/HYUE/SWCapstone/scripts/train_gate.py:728: DeprecationWarning: datetime.datetime.utcnow() is deprecated and scheduled for removal in a future version. Use timezone-aware objects to represent datetimes in UTC: datetime.datetime.now(datetime.UTC).
  "trained_at": datetime.utcnow().isoformat() + "Z",
============================================================
Gate Model Training Pipeline
  tag         : v1
  model       : mnv3_small
  device      : mps
  batch_size  : 32
  epochs      : 30
  lr          : 0.001
  optimizer   : AdamW
  weight_decay: 0.0001
  scheduler   : cosine
  run_tag     : v1_mnv3_small
  seed        : 42
  mlflow      : stub (not installed)
============================================================
  splits_dir from config (/app/splits) missing; falling back to /Users/danghyeonsong/HYUE/SWCapstone/splits

Train set: 9082 images (normal=8307, anomaly=775)
Val   set: 1946 images
Test  set: 1948 images
Auto pos_weight: 10.7187

--- Training ---
  Epoch   1/30  train_loss=0.3945 train_acc=0.9359  val_loss=0.4418 val_acc=0.9820  lr=0.000997
  Epoch   2/30  train_loss=0.2402 train_acc=0.9686  val_loss=0.1572 val_acc=0.9805  lr=0.000989
  Epoch   3/30  train_loss=0.1797 train_acc=0.9716  val_loss=0.2036 val_acc=0.9430  lr=0.000976
  Epoch   4/30  train_loss=0.1719 train_acc=0.9736  val_loss=0.2089 val_acc=0.9836  lr=0.000957
  Epoch   5/30  train_loss=0.1610 train_acc=0.9752  val_loss=0.1493 val_acc=0.9918  lr=0.000933
  Epoch   6/30  train_loss=0.1690 train_acc=0.9762  val_loss=0.1532 val_acc=0.9938  lr=0.000905
  Epoch   7/30  train_loss=0.0873 train_acc=0.9871  val_loss=0.1876 val_acc=0.9933  lr=0.000872
  Epoch   8/30  train_loss=0.1267 train_acc=0.9836  val_loss=0.2892 val_acc=0.9918  lr=0.000835
  Epoch   9/30  train_loss=0.1121 train_acc=0.9877  val_loss=0.1192 val_acc=0.9738  lr=0.000794
  Epoch  10/30  train_loss=0.0923 train_acc=0.9873  val_loss=0.1179 val_acc=0.9743  lr=0.000750
  Epoch  11/30  train_loss=0.1032 train_acc=0.9851  val_loss=0.1213 val_acc=0.9949  lr=0.000703
  Epoch  12/30  train_loss=0.0752 train_acc=0.9913  val_loss=0.1364 val_acc=0.9954  lr=0.000655
  Epoch  13/30  train_loss=0.0553 train_acc=0.9913  val_loss=0.0471 val_acc=0.9928  lr=0.000604
  Epoch  14/30  train_loss=0.0763 train_acc=0.9906  val_loss=0.0822 val_acc=0.9676  lr=0.000552
  Epoch  15/30  train_loss=0.0556 train_acc=0.9895  val_loss=0.1248 val_acc=0.9928  lr=0.000500
  Epoch  16/30  train_loss=0.0585 train_acc=0.9938  val_loss=0.0493 val_acc=0.9908  lr=0.000448
  Epoch  17/30  train_loss=0.0351 train_acc=0.9948  val_loss=0.0413 val_acc=0.9969  lr=0.000396
  Epoch  18/30  train_loss=0.0280 train_acc=0.9945  val_loss=0.0463 val_acc=0.9882  lr=0.000345
  Epoch  19/30  train_loss=0.0508 train_acc=0.9933  val_loss=0.0854 val_acc=0.9964  lr=0.000297
  Epoch  20/30  train_loss=0.0274 train_acc=0.9964  val_loss=0.1135 val_acc=0.9964  lr=0.000250
  Epoch  21/30  train_loss=0.0162 train_acc=0.9982  val_loss=0.0591 val_acc=0.9949  lr=0.000206
  Epoch  22/30  train_loss=0.0335 train_acc=0.9960  val_loss=0.0615 val_acc=0.9954  lr=0.000165
  Epoch  23/30  train_loss=0.0300 train_acc=0.9958  val_loss=0.0570 val_acc=0.9949  lr=0.000128
  Epoch  24/30  train_loss=0.0116 train_acc=0.9978  val_loss=0.0496 val_acc=0.9959  lr=0.000095
  Early stopping at epoch 24 (patience=7)

--- Calibration on val set ---
  Uncalibrated val AUROC: 0.9998
  platt val AUROC: 0.9998
  isotonic val AUROC: 0.9999
  Selected calibration: isotonic

--- Evaluation on test set ---
  test/auroc: 0.9992
  test/auprc: 0.9842
  test/f1: 0.9790
  test/recall: 0.9760
  test/precision: 0.9819
  test/optimal_threshold: 0.7564

--- Threshold Sweep ---
  Recommended T_low : 0.100
  Recommended T_high: 0.500
  Recall            : 0.9820
  Precision         : 0.9647
  F1                : 0.9733
  Heatmap call rate : 0.0873

Model saved: /Users/danghyeonsong/HYUE/SWCapstone/models/v1_mnv3_small_gate.pt
Calibrator saved: /Users/danghyeonsong/HYUE/SWCapstone/models/v1_mnv3_small_calibrator.pkl
Config saved: /Users/danghyeonsong/HYUE/SWCapstone/models/v1_mnv3_small_config.json

============================================================
SUMMARY
============================================================
  Test AUROC    : 0.9992
  Test AUPRC    : 0.9842
  Test F1       : 0.9790
  Test Recall   : 0.9760
  Test Precision: 0.9819
  Calibration   : isotonic
  Recommended T_low : 0.100
  Recommended T_high: 0.500

  Model saved : /Users/danghyeonsong/HYUE/SWCapstone/models/v1_mnv3_small_gate.pt
============================================================

Done.
